###############################################################################
#
# IAR ANSI C/C++ Compiler V9.32.1.338/W64 for ARM         22/Dec/2022  18:18:21
# Copyright 1999-2022 IAR Systems AB.
#
#    Cpu mode          =  thumb
#    Endian            =  little
#    Source file       =  C:\Users\kihae\term_project(3)\user\main.c
#    Command line      =
#        -f "C:\Users\kihae\term_project(3)\Debug\Obj\user\main.o.rsp"
#        ("C:\Users\kihae\term_project(3)\user\main.c" -D USE_STDPERIPH_DRIVER
#        -D STM32F10X_CL -lC "C:\Users\kihae\term_project(3)\Debug\List\user"
#        -o "C:\Users\kihae\term_project(3)\Debug\Obj\user" --no_cse
#        --no_unroll --no_inline --no_code_motion --no_tbaa --no_clustering
#        --no_scheduling --debug --endian=little --cpu=Cortex-M3 -e --fpu=None
#        --dlib_config "C:\Program Files\IAR Systems\Embedded Workbench
#        9.1\arm\inc\c\DLib_Config_Normal.h" -I
#        "C:\Users\kihae\term_project(3)\libraries\CMSIS\DeviceSupport\" -I
#        "C:\Users\kihae\term_project(3)\libraries\CMSIS\DeviceSupport\Startup\"
#        -I
#        "C:\Users\kihae\term_project(3)\libraries\STM32F10x_StdPeriph_Driver_v3.5\inc\"
#        -I
#        "C:\Users\kihae\term_project(3)\libraries\STM32F10x_StdPeriph_Driver_v3.5\src\"
#        -I "C:\Users\kihae\term_project(3)\user\" -I
#        "C:\Users\kihae\term_project(3)\user\inc\" -I
#        "C:\Users\kihae\term_project(3)\libraries\LCD\" -Ol -I "C:\Program
#        Files\IAR Systems\Embedded Workbench 9.1\arm\CMSIS\Core\Include\\")
#        --dependencies=n
#        "C:\Users\kihae\term_project(3)\Debug\Obj\user\main.o.iar_deps"
#    Locale            =  C
#    List file         =
#        C:\Users\kihae\term_project(3)\Debug\List\user\main.lst
#    Object file       =  C:\Users\kihae\term_project(3)\Debug\Obj\user\main.o
#    Runtime model:       
#      __CPP_Runtime   =  1
#      __SystemLibrary =  DLib
#      __dlib_version  =  6
#
###############################################################################

C:\Users\kihae\term_project(3)\user\main.c
      1          #include "stm32f10x.h"
      2          #include "stm32f10x_exti.h"
      3          #include "stm32f10x_gpio.h"
      4          #include "stm32f10x_usart.h"
      5          #include "stm32f10x_rcc.h"
      6          #include "stm32f10x_adc.h"
      7          #include "misc.h"
      8          #include "configure.h"
      9          #include "math.h"
     10          #include "string.h"
     11          
     12          int predictedRSSI;

   \                                 In section .bss, align 4
     13          int RSSI;
   \                     RSSI:
   \        0x0                      DS8 4

   \                                 In section .bss, align 4
     14          int d;
   \                     d:
   \        0x0                      DS8 4
     15          

   \                                 In section .bss, align 4
     16          int initialized = 0;
   \                     initialized:
   \        0x0                      DS8 4

   \                                 In section .data, align 4
     17          float processNoise= 0.005;
   \                     processNoise:
   \        0x0   0x3BA3'D70A        DC32 0x3ba3'd70a

   \                                 In section .data, align 4
     18          int measurementNoise= 20;
   \                     measurementNoise:
   \        0x0   0x0000'0014        DC32 20

   \                                 In section .bss, align 4
     19          int predictedRSSI = 0;
   \                     predictedRSSI:
   \        0x0                      DS8 4

   \                                 In section .bss, align 4
     20          float errorCovariance = 0;
   \                     errorCovariance:
   \        0x0                      DS8 4
     21          

   \                                 In section .bss, align 4
     22          int x;
   \                     x:
   \        0x0                      DS8 4
     23          

   \                                 In section .text, align 2, keep-with-next
     24          int filtering(int rssi){
   \                     filtering: (+1)
   \        0x0   0xE92D 0x43F8      PUSH     {R3-R9,LR}
   \        0x4   0x0004             MOVS     R4,R0
     25            int priorRSSI;
     26            float priorErrorCovariance;
     27            
     28            if(initialized == 0) {
   \        0x6   0x....             LDR.N    R1,??DataTable9
   \        0x8   0x6808             LDR      R0,[R1, #+0]
   \        0xA   0x2800             CMP      R0,#+0
   \        0xC   0xD105             BNE.N    ??filtering_0
     29              initialized = 1;
   \        0xE   0x2001             MOVS     R0,#+1
   \       0x10   0x6008             STR      R0,[R1, #+0]
     30              priorRSSI = rssi;
   \       0x12   0x0025             MOVS     R5,R4
     31              priorErrorCovariance = 1;
   \       0x14   0xF05F 0x567E      MOVS     R6,#+1065353216
   \       0x18   0xE008             B.N      ??filtering_1
     32            }
     33            else {
     34              priorRSSI = predictedRSSI;
   \                     ??filtering_0: (+1)
   \       0x1A   0x....             LDR.N    R0,??DataTable9_1
   \       0x1C   0x6805             LDR      R5,[R0, #+0]
     35              priorErrorCovariance = errorCovariance + processNoise;
   \       0x1E   0x....             LDR.N    R0,??DataTable9_2
   \       0x20   0x6801             LDR      R1,[R0, #+0]
   \       0x22   0x....             LDR.N    R0,??DataTable9_3
   \       0x24   0x6800             LDR      R0,[R0, #+0]
   \       0x26   0x.... 0x....      BL       __aeabi_fadd
   \       0x2A   0x0006             MOVS     R6,R0
     36            }
     37            
     38            float kalmanGain = priorErrorCovariance/ (priorErrorCovariance + measurementNoise);
   \                     ??filtering_1: (+1)
   \       0x2C   0x....             LDR.N    R0,??DataTable9_4
   \       0x2E   0x6800             LDR      R0,[R0, #+0]
   \       0x30   0x.... 0x....      BL       __aeabi_i2f
   \       0x34   0x0031             MOVS     R1,R6
   \       0x36   0x.... 0x....      BL       __aeabi_fadd
   \       0x3A   0x0001             MOVS     R1,R0
   \       0x3C   0x0030             MOVS     R0,R6
   \       0x3E   0x.... 0x....      BL       __aeabi_fdiv
   \       0x42   0x0007             MOVS     R7,R0
     39            predictedRSSI = priorRSSI + (kalmanGain * (rssi - priorRSSI));
                                 ^
Warning[Pa093]: implicit conversion from floating point to integer
   \       0x44   0x.... 0x....      LDR.W    R8,??DataTable9_1
   \       0x48   0x0028             MOVS     R0,R5
   \       0x4A   0x.... 0x....      BL       __aeabi_i2f
   \       0x4E   0x4681             MOV      R9,R0
   \       0x50   0x1B64             SUBS     R4,R4,R5
   \       0x52   0x0020             MOVS     R0,R4
   \       0x54   0x.... 0x....      BL       __aeabi_i2f
   \       0x58   0x0039             MOVS     R1,R7
   \       0x5A   0x.... 0x....      BL       __aeabi_fmul
   \       0x5E   0x4649             MOV      R1,R9
   \       0x60   0x.... 0x....      BL       __aeabi_fadd
   \       0x64   0x.... 0x....      BL       __aeabi_f2iz
   \       0x68   0xF8C8 0x0000      STR      R0,[R8, #+0]
     40            errorCovariance = (1 - kalmanGain) * priorErrorCovariance;
   \       0x6C   0xF05F 0x507E      MOVS     R0,#+1065353216
   \       0x70   0x0039             MOVS     R1,R7
   \       0x72   0x.... 0x....      BL       __aeabi_fsub
   \       0x76   0x0031             MOVS     R1,R6
   \       0x78   0x.... 0x....      BL       __aeabi_fmul
   \       0x7C   0x....             LDR.N    R1,??DataTable9_2
   \       0x7E   0x6008             STR      R0,[R1, #+0]
     41            
     42            return predictedRSSI;
   \       0x80   0xF8D8 0x0000      LDR      R0,[R8, #+0]
   \       0x84   0xE8BD 0x83F2      POP      {R1,R4-R9,PC}
     43          }
     44          

   \                                 In section .text, align 2, keep-with-next
     45          void USART1_IRQHandler() {
   \                     USART1_IRQHandler: (+1)
   \        0x0   0xB538             PUSH     {R3-R5,LR}
     46              uint16_t word;
     47          
     48              if(USART_GetITStatus(USART1,USART_IT_RXNE)!=RESET){
   \        0x2   0x....             LDR.N    R4,??DataTable9_5
   \        0x4   0xF240 0x5525      MOVW     R5,#+1317
   \        0x8   0x0029             MOVS     R1,R5
   \        0xA   0x0020             MOVS     R0,R4
   \        0xC   0x.... 0x....      BL       USART_GetITStatus
   \       0x10   0x2800             CMP      R0,#+0
   \       0x12   0xD007             BEQ.N    ??USART1_IRQHandler_0
     49                  word = USART_ReceiveData(USART1);
   \       0x14   0x0020             MOVS     R0,R4
   \       0x16   0x.... 0x....      BL       USART_ReceiveData
   \       0x1A   0x0001             MOVS     R1,R0
     50                  USART_SendData(USART2, word);
   \       0x1C   0xB289             UXTH     R1,R1
   \       0x1E   0x....             LDR.N    R0,??DataTable9_6
   \       0x20   0x.... 0x....      BL       USART_SendData
     51              }
     52              
     53              USART_ClearITPendingBit(USART1,USART_IT_RXNE);
   \                     ??USART1_IRQHandler_0: (+1)
   \       0x24   0x0029             MOVS     R1,R5
   \       0x26   0x0020             MOVS     R0,R4
   \       0x28   0x.... 0x....      BL       USART_ClearITPendingBit
     54          }
   \       0x2C   0xBD31             POP      {R0,R4,R5,PC}
     55          

   \                                 In section .bss, align 4
     56          int temp = 0;
   \                     temp:
   \        0x0                      DS8 4

   \                                 In section .bss, align 4
     57          int RSSI_Index= 0;
   \                     RSSI_Index:
   \        0x0                      DS8 4
     58          
     59          enum DIRECTION {
     60            LEFT,
     61            FORWARD,
     62            RIGHT
     63          };
     64          

   \                                 In section .data, align 4
     65          uint32_t servo_index = FORWARD;
   \                     servo_index:
   \        0x0   0x0000'0001        DC32 1

   \                                 In section .data, align 4
     66          int rssi_array[5] = {44, 54, 42, 56, 42}; 
   \                     rssi_array:
   \        0x0   0x0000'002C        DC32 44, 54, 42, 56, 42

   \              0x0000'0036  

   \              0x0000'002A  

   \              0x0000'0038  

   \              0x0000'002A

   \                                 In section .bss, align 4
     67          unsigned array_index;
   \                     array_index:
   \        0x0                      DS8 4
     68          
     69          

   \                                 In section .text, align 2, keep-with-next
     70          int minmax() {
   \                     minmax: (+1)
   \        0x0   0xB430             PUSH     {R4,R5}
     71            int i;
     72            int min = 100000 , max = 0;
   \        0x2   0x....             LDR.N    R2,??DataTable9_7
   \        0x4   0x2300             MOVS     R3,#+0
     73            int total = 0;
   \        0x6   0x2400             MOVS     R4,#+0
     74            for(i = 0; i < 5; ++i)
   \        0x8   0x2100             MOVS     R1,#+0
   \        0xA   0xE010             B.N      ??minmax_0
     75            {
     76              if( rssi_array[i] < min) min = rssi_array[i];
   \                     ??minmax_1: (+1)
   \        0xC   0x....             LDR.N    R0,??DataTable9_8
   \        0xE   0xF850 0x5021      LDR      R5,[R0, R1, LSL #+2]
   \       0x12   0x4295             CMP      R5,R2
   \       0x14   0xDA01             BGE.N    ??minmax_2
   \       0x16   0xF850 0x2021      LDR      R2,[R0, R1, LSL #+2]
     77              if( rssi_array [i] > max) max = rssi_array[i];
   \                     ??minmax_2: (+1)
   \       0x1A   0xF850 0x5021      LDR      R5,[R0, R1, LSL #+2]
   \       0x1E   0x42AB             CMP      R3,R5
   \       0x20   0xDA01             BGE.N    ??minmax_3
   \       0x22   0xF850 0x3021      LDR      R3,[R0, R1, LSL #+2]
     78              total  += rssi_array[i];
   \                     ??minmax_3: (+1)
   \       0x26   0xF850 0x0021      LDR      R0,[R0, R1, LSL #+2]
   \       0x2A   0x1904             ADDS     R4,R0,R4
     79            }
   \       0x2C   0x1C49             ADDS     R1,R1,#+1
   \                     ??minmax_0: (+1)
   \       0x2E   0x2905             CMP      R1,#+5
   \       0x30   0xDBEC             BLT.N    ??minmax_1
     80            
     81            
     82            
     83            return total / 5;
   \       0x32   0x2005             MOVS     R0,#+5
   \       0x34   0xFB94 0xF0F0      SDIV     R0,R4,R0
   \       0x38   0xBC30             POP      {R4,R5}
   \       0x3A   0x4770             BX       LR
     84          }
     85          

   \                                 In section .text, align 2, keep-with-next
     86          void USART2_IRQHandler() { 
   \                     USART2_IRQHandler: (+1)
   \        0x0   0xB5F8             PUSH     {R3-R7,LR}
     87            uint16_t word;
     88            
     89            if(USART_GetITStatus(USART2,USART_IT_RXNE)!=RESET){
   \        0x2   0x....             LDR.N    R4,??DataTable9_6
   \        0x4   0xF240 0x5525      MOVW     R5,#+1317
   \        0x8   0x0029             MOVS     R1,R5
   \        0xA   0x0020             MOVS     R0,R4
   \        0xC   0x.... 0x....      BL       USART_GetITStatus
   \       0x10   0x2800             CMP      R0,#+0
   \       0x12   0xD051             BEQ.N    ??USART2_IRQHandler_0
     90              
     91              word = USART_ReceiveData(USART2);
   \       0x14   0x0020             MOVS     R0,R4
   \       0x16   0x.... 0x....      BL       USART_ReceiveData
   \       0x1A   0x0006             MOVS     R6,R0
     92              USART_SendData(USART1, word);
   \       0x1C   0x0031             MOVS     R1,R6
   \       0x1E   0xB289             UXTH     R1,R1
   \       0x20   0x....             LDR.N    R0,??DataTable9_5
   \       0x22   0x.... 0x....      BL       USART_SendData
     93          
     94              
     95              if (word >= 0x30 &&  word <= 0x39) {
   \       0x26   0x0030             MOVS     R0,R6
   \       0x28   0xB280             UXTH     R0,R0
   \       0x2A   0x3830             SUBS     R0,R0,#+48
   \       0x2C   0x280A             CMP      R0,#+10
   \       0x2E   0xD208             BCS.N    ??USART2_IRQHandler_1
     96                temp = temp * 10 + (word - '0');
   \       0x30   0x....             LDR.N    R1,??DataTable9_9
   \       0x32   0x680A             LDR      R2,[R1, #+0]
   \       0x34   0x230A             MOVS     R3,#+10
   \       0x36   0x0030             MOVS     R0,R6
   \       0x38   0xB280             UXTH     R0,R0
   \       0x3A   0xFB03 0x0202      MLA      R2,R3,R2,R0
   \       0x3E   0x3A30             SUBS     R2,R2,#+48
   \       0x40   0x600A             STR      R2,[R1, #+0]
     97              }
     98              
     99              if (word ==  0x22) {
   \                     ??USART2_IRQHandler_1: (+1)
   \       0x42   0x0030             MOVS     R0,R6
   \       0x44   0xB280             UXTH     R0,R0
   \       0x46   0x2822             CMP      R0,#+34
   \       0x48   0xD122             BNE.N    ??USART2_IRQHandler_2
    100                
    101                int t = temp;
   \       0x4A   0x....             LDR.N    R7,??DataTable9_9
   \       0x4C   0x6838             LDR      R0,[R7, #+0]
    102                int count = 0;
   \       0x4E   0x2100             MOVS     R1,#+0
   \       0x50   0xE003             B.N      ??USART2_IRQHandler_3
    103                while(t) {
    104                    t /= 10;
   \                     ??USART2_IRQHandler_4: (+1)
   \       0x52   0x220A             MOVS     R2,#+10
   \       0x54   0xFB90 0xF0F2      SDIV     R0,R0,R2
    105                    count++;
   \       0x58   0x1C49             ADDS     R1,R1,#+1
    106                }
   \                     ??USART2_IRQHandler_3: (+1)
   \       0x5A   0x2800             CMP      R0,#+0
   \       0x5C   0xD1F9             BNE.N    ??USART2_IRQHandler_4
    107          
    108                if (count == 2){ 
   \       0x5E   0x2902             CMP      R1,#+2
   \       0x60   0xD114             BNE.N    ??USART2_IRQHandler_5
    109                  //predictedRSSI = filtering(temp);
    110                  RSSI = temp;
   \       0x62   0x6838             LDR      R0,[R7, #+0]
   \       0x64   0x....             LDR.N    R1,??DataTable9_10
   \       0x66   0x6008             STR      R0,[R1, #+0]
    111                  rssi_array[array_index++ % 5]  = temp;
   \       0x68   0x....             LDR.N    R0,??DataTable9_11
   \       0x6A   0x6801             LDR      R1,[R0, #+0]
   \       0x6C   0x6802             LDR      R2,[R0, #+0]
   \       0x6E   0x1C52             ADDS     R2,R2,#+1
   \       0x70   0x6002             STR      R2,[R0, #+0]
   \       0x72   0x2005             MOVS     R0,#+5
   \       0x74   0xFBB1 0xF2F0      UDIV     R2,R1,R0
   \       0x78   0xFB00 0x1112      MLS      R1,R0,R2,R1
   \       0x7C   0x....             LDR.N    R0,??DataTable9_8
   \       0x7E   0x683A             LDR      R2,[R7, #+0]
   \       0x80   0xF840 0x2021      STR      R2,[R0, R1, LSL #+2]
    112                  d = minmax(); 
   \       0x84   0x.... 0x....      BL       minmax
   \       0x88   0x....             LDR.N    R1,??DataTable9_12
   \       0x8A   0x6008             STR      R0,[R1, #+0]
    113                }
    114                temp = 0;
   \                     ??USART2_IRQHandler_5: (+1)
   \       0x8C   0x2000             MOVS     R0,#+0
   \       0x8E   0x6038             STR      R0,[R7, #+0]
    115                
    116              }
    117              
    118              if (word == 0x4C){ //L
   \                     ??USART2_IRQHandler_2: (+1)
   \       0x90   0x0030             MOVS     R0,R6
   \       0x92   0xB280             UXTH     R0,R0
   \       0x94   0x284C             CMP      R0,#+76
   \       0x96   0xD102             BNE.N    ??USART2_IRQHandler_6
    119                servo_index = LEFT;
   \       0x98   0x2000             MOVS     R0,#+0
   \       0x9A   0x....             LDR.N    R1,??DataTable9_13
   \       0x9C   0x6008             STR      R0,[R1, #+0]
    120              }
    121               if (word == 0x52){//R
   \                     ??USART2_IRQHandler_6: (+1)
   \       0x9E   0x0030             MOVS     R0,R6
   \       0xA0   0xB280             UXTH     R0,R0
   \       0xA2   0x2852             CMP      R0,#+82
   \       0xA4   0xD102             BNE.N    ??USART2_IRQHandler_7
    122                servo_index = RIGHT;
   \       0xA6   0x2002             MOVS     R0,#+2
   \       0xA8   0x....             LDR.N    R1,??DataTable9_13
   \       0xAA   0x6008             STR      R0,[R1, #+0]
    123              }
    124               if (word == 0x46){ //F
   \                     ??USART2_IRQHandler_7: (+1)
   \       0xAC   0xB2B6             UXTH     R6,R6
   \       0xAE   0x2E46             CMP      R6,#+70
   \       0xB0   0xD102             BNE.N    ??USART2_IRQHandler_0
    125                servo_index = FORWARD;
   \       0xB2   0x2001             MOVS     R0,#+1
   \       0xB4   0x....             LDR.N    R1,??DataTable9_13
   \       0xB6   0x6008             STR      R0,[R1, #+0]
    126              }
    127              
    128            }
    129          
    130            USART_ClearITPendingBit(USART2,USART_IT_RXNE);
   \                     ??USART2_IRQHandler_0: (+1)
   \       0xB8   0x0029             MOVS     R1,R5
   \       0xBA   0x0020             MOVS     R0,R4
   \       0xBC   0x.... 0x....      BL       USART_ClearITPendingBit
    131          }
   \       0xC0   0xBDF1             POP      {R0,R4-R7,PC}
    132          

   \                                 In section .text, align 2, keep-with-next
    133          void Delay(int time)
    134          {
    135              int i;
    136              for (i = 0; i < time; i++) {}        
   \                     Delay: (+1)
   \        0x0   0x2100             MOVS     R1,#+0
   \        0x2   0xE000             B.N      ??Delay_0
   \                     ??Delay_1: (+1)
   \        0x4   0x1C49             ADDS     R1,R1,#+1
   \                     ??Delay_0: (+1)
   \        0x6   0x4281             CMP      R1,R0
   \        0x8   0xDBFC             BLT.N    ??Delay_1
    137          }
   \        0xA   0x4770             BX       LR
    138          

   \                                 In section .bss, align 4
    139          int32_t temp_CCR;
   \                     temp_CCR:
   \        0x0                      DS8 4

   \                                 In section .rodata, align 4
    140          const int speed_threshold[] = {0, 4300, 5700, 8000};
   \                     speed_threshold:
   \        0x0   0x0000'0000        DC32 0, 4'300, 5'700, 8'000

   \              0x0000'10CC  

   \              0x0000'1644  

   \              0x0000'1F40

   \                                 In section .rodata, align 4
    141          const int speed_interval[] =  {100, 400, 600, 1000};
   \                     speed_interval:
   \        0x0   0x0000'0064        DC32 100, 400, 600, 1'000

   \              0x0000'0190  

   \              0x0000'0258  

   \              0x0000'03E8
    142          enum SPEED {STOP, SLOW, MEDIUM, FAST};
    143          

   \                                 In section .bss, align 4
    144          uint32_t limit_index = STOP;
   \                     limit_index:
   \        0x0                      DS8 4

   \                                 In section .data, align 4
    145          uint32_t interval_index = MEDIUM;
   \                     interval_index:
   \        0x0   0x0000'0002        DC32 2
    146          
    147          

   \                                 In section .text, align 2, keep-with-next
    148          void change_speed_high()
    149          {
   \                     change_speed_high: (+1)
   \        0x0   0xB410             PUSH     {R4}
    150            temp_CCR += speed_interval[interval_index];
   \        0x2   0x....             LDR.N    R1,??DataTable9_14
   \        0x4   0x680A             LDR      R2,[R1, #+0]
   \        0x6   0x....             LDR.N    R0,??DataTable9_15
   \        0x8   0x....             LDR.N    R3,??DataTable9_16
   \        0xA   0x681B             LDR      R3,[R3, #+0]
   \        0xC   0xF850 0x0023      LDR      R0,[R0, R3, LSL #+2]
   \       0x10   0x1882             ADDS     R2,R0,R2
   \       0x12   0x600A             STR      R2,[R1, #+0]
    151            
    152            if (temp_CCR < speed_threshold[limit_index]){
   \       0x14   0x....             LDR.N    R0,??DataTable9_17
   \       0x16   0x....             LDR.N    R2,??DataTable9_18
   \       0x18   0x680B             LDR      R3,[R1, #+0]
   \       0x1A   0x6804             LDR      R4,[R0, #+0]
   \       0x1C   0xF852 0x4024      LDR      R4,[R2, R4, LSL #+2]
   \       0x20   0x42A3             CMP      R3,R4
   \       0x22   0xDA08             BGE.N    ??change_speed_high_0
    153              TIM3->CCR3 = temp_CCR - 1;
   \       0x24   0x6808             LDR      R0,[R1, #+0]
   \       0x26   0x1E40             SUBS     R0,R0,#+1
   \       0x28   0x....             LDR.N    R2,??DataTable9_19
   \       0x2A   0x8010             STRH     R0,[R2, #+0]
    154              TIM3->CCR4 = temp_CCR - 1;
   \       0x2C   0x6808             LDR      R0,[R1, #+0]
   \       0x2E   0x1E40             SUBS     R0,R0,#+1
   \       0x30   0x....             LDR.N    R1,??DataTable9_20
   \       0x32   0x8008             STRH     R0,[R1, #+0]
   \       0x34   0xE003             B.N      ??change_speed_high_1
    155            }
    156            else
    157              temp_CCR = speed_threshold[limit_index];
   \                     ??change_speed_high_0: (+1)
   \       0x36   0x6800             LDR      R0,[R0, #+0]
   \       0x38   0xF852 0x0020      LDR      R0,[R2, R0, LSL #+2]
   \       0x3C   0x6008             STR      R0,[R1, #+0]
    158          }
   \                     ??change_speed_high_1: (+1)
   \       0x3E   0xBC10             POP      {R4}
   \       0x40   0x4770             BX       LR
    159          

   \                                 In section .text, align 2, keep-with-next
    160          void change_speed_low()
    161          {
   \                     change_speed_low: (+1)
   \        0x0   0xB410             PUSH     {R4}
    162            temp_CCR -= speed_interval[interval_index];
   \        0x2   0x....             LDR.N    R1,??DataTable9_14
   \        0x4   0x680A             LDR      R2,[R1, #+0]
   \        0x6   0x....             LDR.N    R0,??DataTable9_15
   \        0x8   0x....             LDR.N    R3,??DataTable9_16
   \        0xA   0x681B             LDR      R3,[R3, #+0]
   \        0xC   0xF850 0x0023      LDR      R0,[R0, R3, LSL #+2]
   \       0x10   0x1A12             SUBS     R2,R2,R0
   \       0x12   0x600A             STR      R2,[R1, #+0]
    163            if (temp_CCR > speed_threshold[limit_index]) {
   \       0x14   0x....             LDR.N    R0,??DataTable9_17
   \       0x16   0x....             LDR.N    R2,??DataTable9_18
   \       0x18   0x6803             LDR      R3,[R0, #+0]
   \       0x1A   0xF852 0x3023      LDR      R3,[R2, R3, LSL #+2]
   \       0x1E   0x680C             LDR      R4,[R1, #+0]
   \       0x20   0x42A3             CMP      R3,R4
   \       0x22   0xDA08             BGE.N    ??change_speed_low_0
    164              TIM3->CCR3 = temp_CCR - 1;
   \       0x24   0x6808             LDR      R0,[R1, #+0]
   \       0x26   0x1E40             SUBS     R0,R0,#+1
   \       0x28   0x....             LDR.N    R2,??DataTable9_19
   \       0x2A   0x8010             STRH     R0,[R2, #+0]
    165              TIM3->CCR4 = temp_CCR - 1;
   \       0x2C   0x6808             LDR      R0,[R1, #+0]
   \       0x2E   0x1E40             SUBS     R0,R0,#+1
   \       0x30   0x....             LDR.N    R1,??DataTable9_20
   \       0x32   0x8008             STRH     R0,[R1, #+0]
   \       0x34   0xE003             B.N      ??change_speed_low_1
    166            }
    167            else
    168              temp_CCR = speed_threshold[limit_index];
   \                     ??change_speed_low_0: (+1)
   \       0x36   0x6800             LDR      R0,[R0, #+0]
   \       0x38   0xF852 0x0020      LDR      R0,[R2, R0, LSL #+2]
   \       0x3C   0x6008             STR      R0,[R1, #+0]
    169          }
   \                     ??change_speed_low_1: (+1)
   \       0x3E   0xBC10             POP      {R4}
   \       0x40   0x4770             BX       LR
    170          

   \                                 In section .text, align 2, keep-with-next
    171          void change_speed()
    172          {
   \                     change_speed: (+1)
   \        0x0   0xB580             PUSH     {R7,LR}
    173            if (temp_CCR < speed_threshold[limit_index])
   \        0x2   0x....             LDR.N    R0,??DataTable9_14
   \        0x4   0x6800             LDR      R0,[R0, #+0]
   \        0x6   0x....             LDR.N    R1,??DataTable9_18
   \        0x8   0x....             LDR.N    R2,??DataTable9_17
   \        0xA   0x6812             LDR      R2,[R2, #+0]
   \        0xC   0xF851 0x1022      LDR      R1,[R1, R2, LSL #+2]
   \       0x10   0x4288             CMP      R0,R1
   \       0x12   0xDA02             BGE.N    ??change_speed_0
    174              change_speed_high();
   \       0x14   0x.... 0x....      BL       change_speed_high
   \       0x18   0xE001             B.N      ??change_speed_1
    175            else
    176              change_speed_low();
   \                     ??change_speed_0: (+1)
   \       0x1A   0x.... 0x....      BL       change_speed_low
    177          }
   \                     ??change_speed_1: (+1)
   \       0x1E   0xBD01             POP      {R0,PC}
    178          

   \                                 In section .text, align 2, keep-with-next
    179          void stop_motor()
    180          {
   \                     stop_motor: (+1)
   \        0x0   0xB580             PUSH     {R7,LR}
    181            int temp_interval = speed_interval[interval_index];
                       ^
Warning[Pe177]: variable "temp_interval" was declared but never referenced
   \        0x2   0x....             LDR.N    R0,??DataTable9_15
   \        0x4   0x....             LDR.N    R1,??DataTable9_16
   \        0x6   0x6809             LDR      R1,[R1, #+0]
   \        0x8   0xF850 0x0021      LDR      R0,[R0, R1, LSL #+2]
   \        0xC   0xE004             B.N      ??stop_motor_0
    182            while (temp_CCR > 0)
    183            {
    184              change_speed_low();
   \                     ??stop_motor_1: (+1)
   \        0xE   0x.... 0x....      BL       change_speed_low
    185              Delay(10);
   \       0x12   0x200A             MOVS     R0,#+10
   \       0x14   0x.... 0x....      BL       Delay
    186            }
   \                     ??stop_motor_0: (+1)
   \       0x18   0x....             LDR.N    R0,??DataTable9_14
   \       0x1A   0x6800             LDR      R0,[R0, #+0]
   \       0x1C   0x2801             CMP      R0,#+1
   \       0x1E   0xDAF6             BGE.N    ??stop_motor_1
    187          }
   \       0x20   0xBD01             POP      {R0,PC}
    188          

   \                                 In section .data, align 4
    189          int servo_duty[] = {500, 600, 700};
   \                     servo_duty:
   \        0x0   0x0000'01F4        DC32 500, 600, 700

   \              0x0000'0258  

   \              0x0000'02BC
    190          

   \                                 In section .text, align 2, keep-with-next
    191          void change_angle()
    192          {
    193            TIM2->CCR2 = servo_duty[servo_index];
   \                     change_angle: (+1)
   \        0x0   0x....             LDR.N    R0,??DataTable9_21
   \        0x2   0x....             LDR.N    R1,??DataTable9_13
   \        0x4   0x6809             LDR      R1,[R1, #+0]
   \        0x6   0xF850 0x0021      LDR      R0,[R0, R1, LSL #+2]
   \        0xA   0x....             LDR.N    R1,??DataTable9_22
   \        0xC   0x8008             STRH     R0,[R1, #+0]
    194          }
   \        0xE   0x4770             BX       LR
    195          

   \                                 In section .text, align 2, keep-with-next
    196          int main(void)
    197          {
   \                     main: (+1)
   \        0x0   0xB538             PUSH     {R3-R5,LR}
    198            SystemInit();
   \        0x2   0x.... 0x....      BL       SystemInit
    199            RCC_Configure();
   \        0x6   0x.... 0x....      BL       RCC_Configure
    200            GPIO_Configure();
   \        0xA   0x.... 0x....      BL       GPIO_Configure
    201            USART1_Init();
   \        0xE   0x.... 0x....      BL       USART1_Init
    202            USART2_Init();
   \       0x12   0x.... 0x....      BL       USART2_Init
    203            ADC1_Configure();
   \       0x16   0x.... 0x....      BL       ADC1_Configure
    204            DMA1_Configure();
   \       0x1A   0x.... 0x....      BL       DMA1_Configure
    205            TIM2_Configure();
   \       0x1E   0x.... 0x....      BL       TIM2_Configure
    206            TIM3_Configure();
   \       0x22   0x.... 0x....      BL       TIM3_Configure
    207            NVIC_Configure();
   \       0x26   0x.... 0x....      BL       NVIC_Configure
    208            
    209            interval_index = FAST;
   \       0x2A   0x2003             MOVS     R0,#+3
   \       0x2C   0x....             LDR.N    R1,??DataTable9_16
   \       0x2E   0x6008             STR      R0,[R1, #+0]
    210            limit_index = SLOW;
   \       0x30   0x....             LDR.N    R4,??DataTable9_17
   \       0x32   0x2001             MOVS     R0,#+1
   \       0x34   0x6020             STR      R0,[R4, #+0]
    211            servo_index = FORWARD;
   \       0x36   0x2001             MOVS     R0,#+1
   \       0x38   0x....             LDR.N    R1,??DataTable9_13
   \       0x3A   0x6008             STR      R0,[R1, #+0]
    212            distance[0] = 1000;
   \       0x3C   0x....             LDR.N    R5,??DataTable9_23
   \       0x3E   0xF44F 0x707A      MOV      R0,#+1000
   \       0x42   0x6028             STR      R0,[R5, #+0]
   \       0x44   0xE00B             B.N      ??main_0
    213              
    214            while(1)
    215            {
    216              // ACTIVE PHASE
    217              // 장애물이 있을 때 최대속력을 0으로
    218              
    219              if(distance[0] < 1000) {
    220                limit_index = STOP;
    221              }
    222              else
    223              {
    224                if (d < 53.0)limit_index = SLOW;
    225                else if (d < 60.0) limit_index = MEDIUM;
    226                else limit_index = FAST;
   \                     ??main_1: (+1)
   \       0x46   0x2003             MOVS     R0,#+3
   \       0x48   0x6020             STR      R0,[R4, #+0]
   \       0x4A   0xE004             B.N      ??main_2
   \                     ??main_3: (+1)
   \       0x4C   0x6800             LDR      R0,[R0, #+0]
   \       0x4E   0x283C             CMP      R0,#+60
   \       0x50   0xDAF9             BGE.N    ??main_1
   \       0x52   0x2002             MOVS     R0,#+2
   \       0x54   0x6020             STR      R0,[R4, #+0]
    227                
    228              }
    229              //printf("speed : %d\n", TIM3->CCR3);
    230              //printf("%d\n",d);
    231              change_angle();
   \                     ??main_2: (+1)
   \       0x56   0x.... 0x....      BL       change_angle
    232              change_speed();
   \       0x5A   0x.... 0x....      BL       change_speed
   \                     ??main_0: (+1)
   \       0x5E   0x6828             LDR      R0,[R5, #+0]
   \       0x60   0xF5B0 0x7F7A      CMP      R0,#+1000
   \       0x64   0xD202             BCS.N    ??main_4
   \       0x66   0x2000             MOVS     R0,#+0
   \       0x68   0x6020             STR      R0,[R4, #+0]
   \       0x6A   0xE7F4             B.N      ??main_2
   \                     ??main_4: (+1)
   \       0x6C   0x....             LDR.N    R0,??DataTable9_12
   \       0x6E   0x6801             LDR      R1,[R0, #+0]
   \       0x70   0x2935             CMP      R1,#+53
   \       0x72   0xDAEB             BGE.N    ??main_3
   \       0x74   0x2001             MOVS     R0,#+1
   \       0x76   0x6020             STR      R0,[R4, #+0]
   \       0x78   0xE7ED             B.N      ??main_2
    233              //Delay(20000);
    234            }
    235            
    236            return 0;
                   ^
Warning[Pe111]: statement is unreachable
    237          }

   \                                 In section .text, align 4, keep-with-next
   \                     ??DataTable9:
   \        0x0   0x....'....        DC32     initialized

   \                                 In section .text, align 4, keep-with-next
   \                     ??DataTable9_1:
   \        0x0   0x....'....        DC32     predictedRSSI

   \                                 In section .text, align 4, keep-with-next
   \                     ??DataTable9_2:
   \        0x0   0x....'....        DC32     errorCovariance

   \                                 In section .text, align 4, keep-with-next
   \                     ??DataTable9_3:
   \        0x0   0x....'....        DC32     processNoise

   \                                 In section .text, align 4, keep-with-next
   \                     ??DataTable9_4:
   \        0x0   0x....'....        DC32     measurementNoise

   \                                 In section .text, align 4, keep-with-next
   \                     ??DataTable9_5:
   \        0x0   0x4001'3800        DC32     0x40013800

   \                                 In section .text, align 4, keep-with-next
   \                     ??DataTable9_6:
   \        0x0   0x4000'4400        DC32     0x40004400

   \                                 In section .text, align 4, keep-with-next
   \                     ??DataTable9_7:
   \        0x0   0x0001'86A0        DC32     0x186a0

   \                                 In section .text, align 4, keep-with-next
   \                     ??DataTable9_8:
   \        0x0   0x....'....        DC32     rssi_array

   \                                 In section .text, align 4, keep-with-next
   \                     ??DataTable9_9:
   \        0x0   0x....'....        DC32     temp

   \                                 In section .text, align 4, keep-with-next
   \                     ??DataTable9_10:
   \        0x0   0x....'....        DC32     RSSI

   \                                 In section .text, align 4, keep-with-next
   \                     ??DataTable9_11:
   \        0x0   0x....'....        DC32     array_index

   \                                 In section .text, align 4, keep-with-next
   \                     ??DataTable9_12:
   \        0x0   0x....'....        DC32     d

   \                                 In section .text, align 4, keep-with-next
   \                     ??DataTable9_13:
   \        0x0   0x....'....        DC32     servo_index

   \                                 In section .text, align 4, keep-with-next
   \                     ??DataTable9_14:
   \        0x0   0x....'....        DC32     temp_CCR

   \                                 In section .text, align 4, keep-with-next
   \                     ??DataTable9_15:
   \        0x0   0x....'....        DC32     speed_interval

   \                                 In section .text, align 4, keep-with-next
   \                     ??DataTable9_16:
   \        0x0   0x....'....        DC32     interval_index

   \                                 In section .text, align 4, keep-with-next
   \                     ??DataTable9_17:
   \        0x0   0x....'....        DC32     limit_index

   \                                 In section .text, align 4, keep-with-next
   \                     ??DataTable9_18:
   \        0x0   0x....'....        DC32     speed_threshold

   \                                 In section .text, align 4, keep-with-next
   \                     ??DataTable9_19:
   \        0x0   0x4000'043C        DC32     0x4000043c

   \                                 In section .text, align 4, keep-with-next
   \                     ??DataTable9_20:
   \        0x0   0x4000'0440        DC32     0x40000440

   \                                 In section .text, align 4, keep-with-next
   \                     ??DataTable9_21:
   \        0x0   0x....'....        DC32     servo_duty

   \                                 In section .text, align 4, keep-with-next
   \                     ??DataTable9_22:
   \        0x0   0x4000'0038        DC32     0x40000038

   \                                 In section .text, align 4, keep-with-next
   \                     ??DataTable9_23:
   \        0x0   0x....'....        DC32     distance

   Maximum stack usage in bytes:

   .cstack Function
   ------- --------
       0   Delay
      16   USART1_IRQHandler
        16   -> USART_ClearITPendingBit
        16   -> USART_GetITStatus
        16   -> USART_ReceiveData
        16   -> USART_SendData
      24   USART2_IRQHandler
        24   -> USART_ClearITPendingBit
        24   -> USART_GetITStatus
        24   -> USART_ReceiveData
        24   -> USART_SendData
        24   -> minmax
       0   change_angle
       8   change_speed
         8   -> change_speed_high
         8   -> change_speed_low
       4   change_speed_high
       4   change_speed_low
      32   filtering
        32   -> __aeabi_f2iz
        32   -> __aeabi_fadd
        32   -> __aeabi_fdiv
        32   -> __aeabi_fmul
        32   -> __aeabi_fsub
        32   -> __aeabi_i2f
      16   main
        16   -> ADC1_Configure
        16   -> DMA1_Configure
        16   -> GPIO_Configure
        16   -> NVIC_Configure
        16   -> RCC_Configure
        16   -> SystemInit
        16   -> TIM2_Configure
        16   -> TIM3_Configure
        16   -> USART1_Init
        16   -> USART2_Init
        16   -> change_angle
        16   -> change_speed
       8   minmax
       8   stop_motor
         8   -> Delay
         8   -> change_speed_low


   Section sizes:

   Bytes  Function/Label
   -----  --------------
       4  ??DataTable9
       4  ??DataTable9_1
       4  ??DataTable9_10
       4  ??DataTable9_11
       4  ??DataTable9_12
       4  ??DataTable9_13
       4  ??DataTable9_14
       4  ??DataTable9_15
       4  ??DataTable9_16
       4  ??DataTable9_17
       4  ??DataTable9_18
       4  ??DataTable9_19
       4  ??DataTable9_2
       4  ??DataTable9_20
       4  ??DataTable9_21
       4  ??DataTable9_22
       4  ??DataTable9_23
       4  ??DataTable9_3
       4  ??DataTable9_4
       4  ??DataTable9_5
       4  ??DataTable9_6
       4  ??DataTable9_7
       4  ??DataTable9_8
       4  ??DataTable9_9
      12  Delay
       4  RSSI
       4  RSSI_Index
      46  USART1_IRQHandler
     194  USART2_IRQHandler
       4  array_index
      16  change_angle
      32  change_speed
      66  change_speed_high
      66  change_speed_low
       4  d
       4  errorCovariance
     136  filtering
       4  initialized
       4  interval_index
       4  limit_index
     122  main
       4  measurementNoise
      60  minmax
       4  predictedRSSI
       4  processNoise
      20  rssi_array
      12  servo_duty
       4  servo_index
      16  speed_interval
      16  speed_threshold
      34  stop_motor
       4  temp
       4  temp_CCR
       4  x

 
  44 bytes in section .bss
  48 bytes in section .data
  32 bytes in section .rodata
 880 bytes in section .text
 
 880 bytes of CODE  memory
  32 bytes of CONST memory
  92 bytes of DATA  memory

Errors: none
Warnings: 3
